#
# There is insufficient memory for the Java Runtime Environment to continue.
# Native memory allocation (mmap) failed to map 132120576 bytes for G1 virtual space
# Possible reasons:
#   The system is out of physical RAM or swap space
#   The process is running with CompressedOops enabled, and the Java Heap may be blocking the growth of the native heap
# Possible solutions:
#   Reduce memory load on the system
#   Increase physical memory or swap space
#   Check if swap backing store is full
#   Decrease Java heap size (-Xmx/-Xms)
#   Decrease number of Java threads
#   Decrease Java thread stack sizes (-Xss)
#   Set larger code cache with -XX:ReservedCodeCacheSize=
#   JVM is running with Unscaled Compressed Oops mode in which the Java heap is
#     placed in the first 4GB address space. The Java Heap base address is the
#     maximum limit for the native heap growth. Please use -XX:HeapBaseMinAddress
#     to set the Java Heap base and to place the Java Heap above 4GB virtual address.
# This output file may be truncated or incomplete.
#
#  Out of Memory Error (os_windows.cpp:3769), pid=3212, tid=17996
#
# JRE version:  (17.0.6) (build )
# Java VM: OpenJDK 64-Bit Server VM (17.0.6+0-b2043.56-10027231, mixed mode, sharing, tiered, compressed oops, compressed class ptrs, g1 gc, windows-amd64)
# No core dump will be written. Minidumps are not enabled by default on client versions of Windows
#

---------------  S U M M A R Y ------------

Command Line: 

Host: 11th Gen Intel(R) Core(TM) i3-1115G4 @ 3.00GHz, 4 cores, 7G,  Windows 11 , 64 bit Build 26100 (10.0.26100.6725)
Time: Tue Oct 28 14:37:16 2025 India Standard Time elapsed time: 0.011786 seconds (0d 0h 0m 0s)

---------------  T H R E A D  ---------------

Current thread (0x000001a3be4ead70):  JavaThread "Unknown thread" [_thread_in_vm, id=17996, stack(0x000000530ac00000,0x000000530ad00000)]

Stack: [0x000000530ac00000,0x000000530ad00000]
Native frames: (J=compiled Java code, j=interpreted, Vv=VM code, C=native code)
V  [jvm.dll+0x683c9a]
V  [jvm.dll+0x8427a4]
V  [jvm.dll+0x843f9e]
V  [jvm.dll+0x844603]
V  [jvm.dll+0x249b75]
V  [jvm.dll+0x680b69]
V  [jvm.dll+0x67505a]
V  [jvm.dll+0x309acb]
V  [jvm.dll+0x310f86]
V  [jvm.dll+0x3608ee]
V  [jvm.dll+0x360b1f]
V  [jvm.dll+0x2dfbf8]
V  [jvm.dll+0x2e0b64]
V  [jvm.dll+0x814091]
V  [jvm.dll+0x36e6a1]
V  [jvm.dll+0x7f35cc]
V  [jvm.dll+0x3f0e8f]
V  [jvm.dll+0x3f29d1]
C  [jli.dll+0x526b]
C  [ucrtbase.dll+0x37b0]
C  [KERNEL32.DLL+0x2e8d7]
C  [ntdll.dll+0x8c53c]


---------------  P R O C E S S  ---------------

Threads class SMR info:
_java_thread_list=0x00007ffb2c58c058, length=0, elements={
}

Java Threads: ( => current thread )

Other Threads:
  0x000001a3be5493e0 GCTaskThread "GC Thread#0" [stack: 0x000000530ad00000,0x000000530ae00000] [id=14508]
  0x000001a3be55a930 ConcurrentGCThread "G1 Main Marker" [stack: 0x000000530ae00000,0x000000530af00000] [id=2920]
  0x000001a3be55bae0 ConcurrentGCThread "G1 Conc#0" [stack: 0x000000530af00000,0x000000530b000000] [id=20296]

[error occurred during error reporting (printing all threads), id 0xc0000005, EXCEPTION_ACCESS_VIOLATION (0xc0000005) at pc=0x00007ffb2bd40797]

VM state: not at safepoint (not fully initialized)

VM Mutex/Monitor currently owned by a thread:  ([mutex/lock_event])
[0x000001a3be4e6b90] Heap_lock - owner thread: 0x000001a3be4ead70

Heap address: 0x0000000083600000, size: 1994 MB, Compressed Oops mode: 32-bit

CDS archive(s) mapped at: [0x0000000000000000-0x0000000000000000-0x0000000000000000), size 0, SharedBaseAddress: 0x0000000800000000, ArchiveRelocationMode: 0.
Narrow klass base: 0x0000000000000000, Narrow klass shift: 0, Narrow klass range: 0x0

GC Precious Log:
<Empty>

Heap:
 garbage-first heap   total 0K, used 0K [0x0000000083600000, 0x0000000100000000)
  region size 1024K, 0 young (0K), 0 survivors (0K)

[error occurred during error reporting (printing heap information), id 0xc0000005, EXCEPTION_ACCESS_VIOLATION (0xc0000005) at pc=0x00007ffb2c12da89]

GC Heap History (0 events):
No events

Dll operation events (1 events):
Event: 0.008 Loaded shared library C:\Program Files\Android\Android Studio\jbr\bin\java.dll

Deoptimization events (0 events):
No events

Classes unloaded (0 events):
No events

Classes redefined (0 events):
No events

Internal exceptions (0 events):
No events

VM Operations (0 events):
No events

Events (0 events):
No events


Dynamic libraries:
0x00007ff76ec20000 - 0x00007ff76ec2a000 	C:\Program Files\Android\Android Studio\jbr\bin\java.EXE
0x00007ffbd08e0000 - 0x00007ffbd0b48000 	C:\WINDOWS\SYSTEM32\ntdll.dll
0x00007ffbce700000 - 0x00007ffbce7c9000 	C:\WINDOWS\System32\KERNEL32.DLL
0x00007ffbce080000 - 0x00007ffbce472000 	C:\WINDOWS\System32\KERNELBASE.dll
0x00007ffbcddb0000 - 0x00007ffbcdefb000 	C:\WINDOWS\System32\ucrtbase.dll
0x00007ffb8a750000 - 0x00007ffb8a76b000 	C:\Program Files\Android\Android Studio\jbr\bin\VCRUNTIME140.dll
0x00007ffb8a5c0000 - 0x00007ffb8a5d7000 	C:\Program Files\Android\Android Studio\jbr\bin\jli.dll
0x00007ffbcfc50000 - 0x00007ffbcfe15000 	C:\WINDOWS\System32\USER32.dll
0x00007ffbcdfb0000 - 0x00007ffbcdfd7000 	C:\WINDOWS\System32\win32u.dll
0x00007ffbb34c0000 - 0x00007ffbb3753000 	C:\WINDOWS\WinSxS\amd64_microsoft.windows.common-controls_6595b64144ccf1df_6.0.26100.6899_none_3e0efeeae32e88c1\COMCTL32.dll
0x00007ffbcf060000 - 0x00007ffbcf08b000 	C:\WINDOWS\System32\GDI32.dll
0x00007ffbcf6f0000 - 0x00007ffbcf799000 	C:\WINDOWS\System32\msvcrt.dll
0x00007ffbcda70000 - 0x00007ffbcdb9d000 	C:\WINDOWS\System32\gdi32full.dll
0x00007ffbcdf00000 - 0x00007ffbcdfa3000 	C:\WINDOWS\System32\msvcp_win.dll
0x00007ffbd0230000 - 0x00007ffbd025f000 	C:\WINDOWS\System32\IMM32.DLL
0x00007ffba68e0000 - 0x00007ffba68ec000 	C:\Program Files\Android\Android Studio\jbr\bin\vcruntime140_1.dll
0x00007ffb8a6c0000 - 0x00007ffb8a74d000 	C:\Program Files\Android\Android Studio\jbr\bin\msvcp140.dll
0x00007ffb2ba50000 - 0x00007ffb2c6be000 	C:\Program Files\Android\Android Studio\jbr\bin\server\jvm.dll
0x00007ffbd0170000 - 0x00007ffbd0224000 	C:\WINDOWS\System32\ADVAPI32.dll
0x00007ffbce850000 - 0x00007ffbce8f6000 	C:\WINDOWS\System32\sechost.dll
0x00007ffbcfb30000 - 0x00007ffbcfc48000 	C:\WINDOWS\System32\RPCRT4.dll
0x00007ffbb74d0000 - 0x00007ffbb7505000 	C:\WINDOWS\SYSTEM32\WINMM.dll
0x00007ffbb2220000 - 0x00007ffbb222a000 	C:\WINDOWS\SYSTEM32\WSOCK32.dll
0x00007ffbcb370000 - 0x00007ffbcb37b000 	C:\WINDOWS\SYSTEM32\VERSION.dll
0x00007ffbcf490000 - 0x00007ffbcf504000 	C:\WINDOWS\System32\WS2_32.dll
0x00007ffbcc840000 - 0x00007ffbcc85b000 	C:\WINDOWS\SYSTEM32\kernel.appcore.dll
0x00007ffb96070000 - 0x00007ffb9607a000 	C:\Program Files\Android\Android Studio\jbr\bin\jimage.dll
0x00007ffbca6b0000 - 0x00007ffbca8f2000 	C:\WINDOWS\SYSTEM32\DBGHELP.DLL
0x00007ffbcf7b0000 - 0x00007ffbcfb2b000 	C:\WINDOWS\System32\combase.dll
0x00007ffbcf2f0000 - 0x00007ffbcf3c7000 	C:\WINDOWS\System32\OLEAUT32.dll
0x00007ffb9e7b0000 - 0x00007ffb9e7ec000 	C:\WINDOWS\SYSTEM32\dbgcore.DLL
0x00007ffbcdfe0000 - 0x00007ffbce078000 	C:\WINDOWS\System32\bcryptPrimitives.dll
0x00007ffb94220000 - 0x00007ffb94245000 	C:\Program Files\Android\Android Studio\jbr\bin\java.dll

dbghelp: loaded successfully - version: 4.0.5 - missing functions: none
symbol engine: initialized successfully - sym options: 0x614 - pdb path: .;C:\Program Files\Android\Android Studio\jbr\bin;C:\WINDOWS\SYSTEM32;C:\WINDOWS\WinSxS\amd64_microsoft.windows.common-controls_6595b64144ccf1df_6.0.26100.6899_none_3e0efeeae32e88c1;C:\Program Files\Android\Android Studio\jbr\bin\server

VM Arguments:
java_command: <unknown>
java_class_path (initial): <not set>
Launcher Type: SUN_STANDARD

[Global flags]
     intx CICompilerCount                          = 3                                         {product} {ergonomic}
     uint ConcGCThreads                            = 1                                         {product} {ergonomic}
     uint G1ConcRefinementThreads                  = 4                                         {product} {ergonomic}
   size_t G1HeapRegionSize                         = 1048576                                   {product} {ergonomic}
    uintx GCDrainStackTargetSize                   = 64                                        {product} {ergonomic}
   size_t InitialHeapSize                          = 132120576                                 {product} {ergonomic}
   size_t MarkStackSize                            = 4194304                                   {product} {ergonomic}
   size_t MaxHeapSize                              = 2090860544                                {product} {ergonomic}
   size_t MinHeapDeltaBytes                        = 1048576                                   {product} {ergonomic}
   size_t MinHeapSize                              = 8388608                                   {product} {ergonomic}
    uintx NonNMethodCodeHeapSize                   = 5832780                                {pd product} {ergonomic}
    uintx NonProfiledCodeHeapSize                  = 122912730                              {pd product} {ergonomic}
    uintx ProfiledCodeHeapSize                     = 122912730                              {pd product} {ergonomic}
    uintx ReservedCodeCacheSize                    = 251658240                              {pd product} {ergonomic}
     bool SegmentedCodeCache                       = true                                      {product} {ergonomic}
   size_t SoftMaxHeapSize                          = 2090860544                             {manageable} {ergonomic}
     bool UseCompressedClassPointers               = true                           {product lp64_product} {ergonomic}
     bool UseCompressedOops                        = true                           {product lp64_product} {ergonomic}
     bool UseG1GC                                  = true                                      {product} {ergonomic}
     bool UseLargePagesIndividualAllocation        = false                                  {pd product} {ergonomic}

Logging:
Log output configuration:
 #0: stdout all=warning uptime,level,tags
 #1: stderr all=off uptime,level,tags

Environment Variables:
PATH=C:\Program Files (x86)\Common Files\Oracle\Java\java8path;C:\Program Files (x86)\Common Files\Oracle\Java\javapath;C:\Program Files (x86)\Common Files\Intel\Shared Libraries\redist\intel64\compiler;C:\WINDOWS\system32;C:\WINDOWS;C:\WINDOWS\System32\Wbem;C:\WINDOWS\System32\WindowsPowerShell\v1.0\;C:\WINDOWS\System32\OpenSSH\;C:\Program Files\nodejs\;C:\Program Files\Python39;C:\Program Files\Python39\Scripts;C:\Program Files\MySQL\MySQL Server 8.0\bin;C:\Program Files\MySQL\MySQL Server 8.0\bin\mysql.exe;C:\Program Files\JetBrains\PyCharm 2017.1.2\bin;C:\Program Files\Git\cmd;C:\Users\ACER\AppData\Local\Programs\Python\Python310\Scripts;C:\Users\ACER\AppData\Local\Programs\Python\Python310;C:\Users\ACER\AppData\Local\Programs\Python\Python312\Scripts;C:\Users\ACER\AppData\Local\Programs\Python\Python312;C:\Users\ACER\Downloads\flutter_windows_3.24.5-stable\flutter\bin;C:\ffmpeg-8.0-essentials_build\bin;C:\Users\ACER\AppData\Local\Microsoft\WindowsApps;C:\Program Files\JetBrains\PyCharm Community Edition 2024.2.1\bin;C:\Users\ACER\Desktop\Microsoft VS Code\bin;C:\Users\ACER\AppData\Roaming\npm;C:\Users\ACER\AppData\Local\spicetify;C:\Program Files\Python39;C:\Program Files\Python39\Scripts;C:\Program Files\MySQL\MySQL Server 8.0\bin;C:\Program Files\MySQL\MySQL Server 8.0\bin\mysql.exe;C:\Program Files\JetBrains\PyCharm 2017.1.2\bin;C:\Users\ACER\AppData\Local\Programs\Python\Python310\Scripts;C:\Users\ACER\AppData\Local\Programs\Python\Python310;C:\Users\ACER\AppData\Local\Programs\Python\Python312\Scripts;C:\Users\ACER\AppData\Local\Programs\Python\Python312;C:\Users\ACER\Downloads\flutter_windows_3.24.5-stable\flutter\bin;C:\ffmpeg-8.0-essentials_build\bin;;C:\Users\ACER\Downloads\flutter_windows_3.24.5-stable\flutter\bin\mingit\cmd
USERNAME=ACER
OS=Windows_NT
PROCESSOR_IDENTIFIER=Intel64 Family 6 Model 140 Stepping 1, GenuineIntel
TMP=C:\Users\ACER\AppData\Local\Temp
TEMP=C:\Users\ACER\AppData\Local\Temp


JNI global refs:

[error occurred during error reporting (JNI global references), id 0xc0000005, EXCEPTION_ACCESS_VIOLATION (0xc0000005) at pc=0x00007ffb2bb07a10]


---------------  S Y S T E M  ---------------

OS:
 Windows 11 , 64 bit Build 26100 (10.0.26100.6725)
OS uptime: 1 days 0:03 hours
Hyper-V role detected

CPU: total 4 (initial active 4) (2 cores per cpu, 2 threads per core) family 6 model 140 stepping 1 microcode 0x8a, cx8, cmov, fxsr, ht, mmx, 3dnowpref, sse, sse2, sse3, ssse3, sse4.1, sse4.2, popcnt, lzcnt, tsc, tscinvbit, avx, avx2, aes, erms, clmul, bmi1, bmi2, adx, avx512f, avx512dq, avx512cd, avx512bw, avx512vl, sha, fma, vzeroupper, avx512_vpopcntdq, avx512_vpclmulqdq, avx512_vaes, avx512_vnni, clflush, clflushopt, clwb, avx512_vbmi2, avx512_vbmi, hv

Memory: 4k page, system-wide physical 7971M (919M free)
TotalPageFile size 15385M (AvailPageFile size 46M)
current process WorkingSet (physical memory assigned to process): 12M, peak: 12M
current process commit charge ("private bytes"): 52M, peak: 178M

vm_info: OpenJDK 64-Bit Server VM (17.0.6+0-b2043.56-10027231) for windows-amd64 JRE (17.0.6+0-b2043.56-10027231), built on Apr 28 2023 00:43:19 by "androidbuild" with MS VC++ 16.10 / 16.11 (VS2019)

END.
